[RTK:PASSTHROUGH] playwright parser: All parsing tiers failed
[E2E] Starting docker infrastructure...

> @goferbot/root@1.0.0 infra:up D:\projects\ai-stared-project\knowledge-base\.worktrees\q19-e2e-settings
> docker compose -f docker-compose.dev.yml up -d --wait

[E2E] Postgres is ready
[E2E] Prisma generate skipped (already exists)
[E2E] Running prisma migrate deploy...
Prisma schema loaded from packages\server\prisma\schema.prisma
Datasource "db": PostgreSQL database "goferbot_e2e", schema "public" at "127.0.0.1:5432"

4 migrations found in prisma/migrations


No pending migrations to apply.
[E2E] Database migrated
[E2E] Starting backend server...
[E2E] Backend is ready
[E2E] Local mode: keeping docker running for reuse
{
  "config": {
    "configFile": "D:\\projects\\ai-stared-project\\knowledge-base\\.worktrees\\q19-e2e-settings\\tests\\e2e\\playwright.config.ts",
    "rootDir": "D:/projects/ai-stared-project/knowledge-base/.worktrees/q19-e2e-settings/tests/e2e/specs",
    "forbidOnly": false,
    "fullyParallel": false,
    "globalSetup": "D:\\projects\\ai-stared-project\\knowledge-base\\.worktrees\\q19-e2e-settings\\tests\\e2e\\playwright.global-setup.ts",
    "globalTeardown": "D:\\projects\\ai-stared-project\\knowledge-base\\.worktrees\\q19-e2e-settings\\tests\\e2e\\playwright.global-teardown.ts",
    "globalTimeout": 0,
    "grep": {},
    "grepInvert": null,
    "maxFailures": 0,
    "metadata": {
      "actualWorkers": 1
    },
    "preserveOutput": "always",
    "projects": [
      {
        "outputDir": "D:/projects/ai-stared-project/knowledge-base/.worktrees/q19-e2e-settings/test-results/junit",
        "repeatEach": 1,
        "retries": 0,
        "metadata": {
          "actualWorkers": 1
        },
        "id": "chromium",
        "name": "chromium",
        "testDir": "D:/projects/ai-stared-project/knowledge-base/.worktrees/q19-e2e-settings/tests/e2e/specs",
        "testIgnore": [],
        "testMatch": [
          "**/*.@(spec|test).?(c|m)[jt]s?(x)"
        ],
        "timeout": 30000
      },
      {
  

[RTK:PASSTHROUGH] Output truncated (4762 chars → 2000 chars)
